14:50:06 **** Incremental Build of configuration Debug for project nucleo ****
make -j8 all 
arm-none-eabi-gcc "../Src/main.c" -mcpu=cortex-m4 -std=gnu11 -g3 -DDEBUG -DUSE_HAL_DRIVER -DSTM32F401xE -c -I../Inc -I/home/hano/STM32Cube/Repository/STM32Cube_FW_F4_V1.28.3/Drivers/STM32F4xx_HAL_Driver/Inc -I/home/hano/STM32Cube/Repository/STM32Cube_FW_F4_V1.28.3/Drivers/STM32F4xx_HAL_Driver/Inc/Legacy -I/home/hano/STM32Cube/Repository/STM32Cube_FW_F4_V1.28.3/Drivers/CMSIS/Device/ST/STM32F4xx/Include -I/home/hano/STM32Cube/Repository/STM32Cube_FW_F4_V1.28.3/Drivers/CMSIS/Include -O0 -ffunction-sections -fdata-sections -Wall -fstack-usage -fcyclomatic-complexity -MMD -MP -MF"Src/main.d" -MT"Src/main.o" --specs=nano.specs -mfpu=fpv4-sp-d16 -mfloat-abi=hard -mthumb -o "Src/main.o"
arm-none-eabi-gcc -o "nucleo.elf" @"objects.list"   -mcpu=cortex-m4 -T"/home/hano/src/africa_drone_company/from_arduino_to_stm32/2_alt_red_blue/nucleo/STM32F401RETX_FLASH.ld" --specs=nosys.specs -Wl,-Map="nucleo.map" -Wl,--gc-sections -static --specs=nano.specs -mfpu=fpv4-sp-d16 -mfloat-abi=hard -mthumb -Wl,--start-group -lc -lm -Wl,--end-group
Finished building target: nucleo.elf
 
arm-none-eabi-size  nucleo.elf 
arm-none-eabi-objdump -h -S nucleo.elf  > "nucleo.list"
   text	   data	    bss	    dec	    hex	filename
   7856	     12	   1644	   9512	   2528	nucleo.elf
Finished building: default.size.stdout
 
Finished building: nucleo.list
 
14:50:20 **** Incremental Build of configuration Debug for project nucleo ****
make -j8 all 
arm-none-eabi-size  nucleo.elf 
   text	   data	    bss	    dec	    hex	filename
   7856	     12	   1644	   9512	   2528	nucleo.elf
Finished building: default.size.stdout
 
